initialize repo code and push to repo as origin master

git init 

monica@monica-HP-ZBook-G5:~/data/flux/gitops-nginxhello$ git add .

monica@monica-HP-ZBook-G5:~/data/flux/gitops-nginxhello$ git commit -m "first commit"

git commit -m "first commit"

monica@monica-HP-ZBook-G5:~/data/flux/gitops-nginxhello$ git remote add origin https://github.com/monicamarshall/gitops-nginxhello.git

monica@monica-HP-ZBook-G5:~/data/flux/gitops-nginxhello$ git push origin master
Username for 'https://github.com': monicamarshall
Password for 'https://monicamarshall@github.com': 
Enumerating objects: 24, done.
Counting objects: 100% (24/24), done.
Delta compression using up to 12 threads
Compressing objects: 100% (22/22), done.
Writing objects: 100% (24/24), 6.12 KiB | 2.04 MiB/s, done.
Total 24 (delta 0), reused 0 (delta 0)
To https://github.com/monicamarshall/gitops-nginxhello.git
 * [new branch]      master -> master


sudo snap install fluxctl --classic


kubectl create namespace flux




fluxctl install --namespace flux --git-url git@github.com:nbrownuk/gitops-nginxhello.git --git-user nbrownuk --git-email 9661038+nbrownuk@users.noreply.github.com | kubectl apply -f -

https://github.com/monicamarshall/gitops-nginxhello.git



fluxctl install --namespace flux --git-url git@github.com:monicamarshall/gitops-nginxhello.git --git-user monicamarshall --git-email marshallmonica@yahoo.com | kubectl apply -f -

export FLUX_FORWARD_NAMESPACE=flux    #set env variable for flux to find the public key in the flux namespace. 

####################   Retrieve public key for flux ##############################3

fluxctl identity
ssh-rsa AAAAB3NzaC1yc2EAAAADAQABAAABgQDFtSBGeVDElfs2h/cHd8zKZqqlM1dGlLljvxokb7+jFNveUHVuvMdUTauwbM5X7tjMkphWky2xCm1hoikFN+1RNCgF9PPJxfOzKzo38S/l9sgVLGHkopFjzxdpY+NNe2yO8HbasiYF64+4hAhLDb1FkEAXMy/3RTykRRc7XEDAWtnsCW9tqf9eBqiDxOGREZwvO6hcOuI2vLd4I/Ez83jJ5srT38XBhQhUT6W2wAB+TnVLfTaunO0hXjh/fbfoy+ZG8isMYnnVce6M/dsMvyyjziSN6/e70GxKnkxCqf+qjlW9uf8FrgGYygPi5B9+ns1Ma5zWe9FiYw8OMrpAkpofzNJy9fLXPp8TsN7eqtGBEBNBwIxmzsram7yMXh4y52k5aBRV7lkkczqH7QoOpXgrXF1FfbqMUuy80zei91aCRjWNThrx2nIL34wsBsVZSpN6HSxFkNniMVxoG3prC84dXqtIyQcXCY022J0JrexsJCUxwFGSysqSaeaRcYHBBuc= root@flux-66c9b89f86-qvh9x


kubectl -n flux get all
NAME                            READY   STATUS    RESTARTS   AGE
pod/flux-66c9b89f86-qvh9x       1/1     Running   0          4m6s
pod/memcached-c86cd995d-58498   1/1     Running   0          4m6s

NAME                TYPE        CLUSTER-IP      EXTERNAL-IP   PORT(S)     AGE
service/memcached   ClusterIP   10.96.141.113   <none>        11211/TCP   4m6s

NAME                        READY   UP-TO-DATE   AVAILABLE   AGE
deployment.apps/flux        1/1     1            1           4m6s
deployment.apps/memcached   1/1     1            1           4m6s

NAME                                  DESIRED   CURRENT   READY   AGE
replicaset.apps/flux-66c9b89f86       1         1         1       4m6s
replicaset.apps/memcached-c86cd995d   1         1         1       4m6s


kubectl -n flux logs flux-66c9b89f86-qvh9x    #The public key shows up in the logs


fluxctl identity --k8s-fwd-ns flux
ssh-rsa AAAAB3NzaC1yc2EAAAADAQABAAABgQDFtSBGeVDElfs2h/cHd8zKZqqlM1dGlLljvxokb7+jFNveUHVuvMdUTauwbM5X7tjMkphWky2xCm1hoikFN+1RNCgF9PPJxfOzKzo38S/l9sgVLGHkopFjzxdpY+NNe2yO8HbasiYF64+4hAhLDb1FkEAXMy/3RTykRRc7XEDAWtnsCW9tqf9eBqiDxOGREZwvO6hcOuI2vLd4I/Ez83jJ5srT38XBhQhUT6W2wAB+TnVLfTaunO0hXjh/fbfoy+ZG8isMYnnVce6M/dsMvyyjziSN6/e70GxKnkxCqf+qjlW9uf8FrgGYygPi5B9+ns1Ma5zWe9FiYw8OMrpAkpofzNJy9fLXPp8TsN7eqtGBEBNBwIxmzsram7yMXh4y52k5aBRV7lkkczqH7QoOpXgrXF1FfbqMUuy80zei91aCRjWNThrx2nIL34wsBsVZSpN6HSxFkNniMVxoG3prC84dXqtIyQcXCY022J0JrexsJCUxwFGSysqSaeaRcYHBBuc= root@flux-66c9b89f86-qvh9x


kubectl -n flux get secrets flux-git-deploy




kubectl -n flux exec flux-66c9b89f86-qvh9x -- cat /etc/fluxd/ssh/identity    #The private key for flux is stored in /etc/fluxd/ssh/identity in the flux pod





#############  create trust relationship between github and flux ########################3

fluxctl install --namespace flux --git-url git@github.com:monicamarshall/gitops-nginxhello.git --git-user monicamarshall --git-email marshallmonica@yahoo.com | kubectl apply -f -

################ remove flux ignore = true from files to allow flux to sync between the repo and kubernetes files ############

sed -i 's/\(^[[:space:]]*fluxcd.io\/ignore: "\)true\("$\)/\1false\2/' gitops-nginxhello/*.yaml



monica@monica-HP-ZBook-G5:~/data/flux/gitops-nginxhello$ fluxctl list-workloads
WORKLOAD                       CONTAINER   IMAGE                     RELEASE  POLICY
default:deployment/nginxhello  nginxhello  nbrown/nginxhello:1.19.0  ready    





monica@monica-HP-ZBook-G5:~/data/flux/gitops-nginxhello$ fluxctl list-images
WORKLOAD                       CONTAINER   IMAGE              CREATED
default:deployment/nginxhello  nginxhello  nbrown/nginxhello  
                                           |   1.19           18 Aug 20 12:01 UTC
                                           |   1.19.2         18 Aug 20 12:01 UTC
                                           |   latest         18 Aug 20 12:01 UTC
                                           |   mainline       18 Aug 20 12:01 UTC
                                           |   1.19.1         18 Aug 20 11:46 UTC
                                           '-> 1.19.0         01 Jun 20 09:14 UTC
                                               1.18           04 May 20 13:22 UTC
                                               1.18.0         04 May 20 13:22 UTC
                                               stable         04 May 20 13:22 UTC
                                               1.17           04 May 20 13:17 UTC




monica@monica-HP-ZBook-G5:~/data/flux/gitops-nginxhello$ fluxctl policy -w=default:deployment/nginxhello --automate
WORKLOAD                       STATUS   UPDATES
default:deployment/nginxhello  success  
Commit pushed:	1145dfc

monica@monica-HP-ZBook-G5:~/data/flux/gitops-nginxhello$ fluxctl list-images
WORKLOAD                       CONTAINER   IMAGE              CREATED
default:deployment/nginxhello  nginxhello  nbrown/nginxhello  
                                           '-> 1.19           18 Aug 20 12:01 UTC
                                               1.19.2         18 Aug 20 12:01 UTC
                                               latest         18 Aug 20 12:01 UTC
                                               mainline       18 Aug 20 12:01 UTC
                                               1.19.1         18 Aug 20 11:46 UTC
                                               1.19.0         01 Jun 20 09:14 UTC
                                               1.18           04 May 20 13:22 UTC
                                               1.18.0         04 May 20 13:22 UTC
                                               stable         04 May 20 13:22 UTC
                                               1.17           04 May 20 13:17 UTC


monica@monica-HP-ZBook-G5:~/data/flux/gitops-nginxhello$ 



fluxctl policy -w=default:deployment/nginxhello --tag='nginxhello=semver:~1.19.x'
WORKLOAD                       STATUS   UPDATES
default:deployment/nginxhello  success  
Commit pushed:	555c1fc




monica@monica-HP-ZBook-G5:~/data/flux/gitops-nginxhello$ 


fluxctl list-images
WORKLOAD                       CONTAINER   IMAGE              CREATED
default:deployment/nginxhello  nginxhello  nbrown/nginxhello  
                                           |   1.19.2         18 Aug 20 12:01 UTC
                                           |   1.19.1         18 Aug 20 11:46 UTC
                                           |   1.19.0         01 Jun 20 09:14 UTC
                                           '-> 1.19           18 Aug 20 12:01 UTC
                                               1.18.0         04 May 20 13:22 UTC
                                               1.18           04 May 20 13:22 UTC
                                               1.17.10        04 May 20 13:17 UTC
                                               1.17.9         30 Mar 20 14:28 UTC
                                               1.17.5         08 Nov 19 14:29 UTC
                                               1.17           04 May 20 13:17 UTC


monica@monica-HP-ZBook-G5:~/data/flux/gitops-nginxhello$ 


fluxctl policy -w=default:deployment/nginxhello --deautomate
WORKLOAD                       STATUS   UPDATES
default:deployment/nginxhello  success  
Commit pushed:	6a5691e



monica@monica-HP-ZBook-G5:~/data/flux/gitops-nginxhello$ 


fluxctl list-images
WORKLOAD                       CONTAINER   IMAGE              CREATED
default:deployment/nginxhello  nginxhello  nbrown/nginxhello  
                                           |   1.19.2         18 Aug 20 12:01 UTC
                                           |   1.19.1         18 Aug 20 11:46 UTC
                                           |   1.19.0         01 Jun 20 09:14 UTC
                                           '-> 1.19           18 Aug 20 12:01 UTC
                                               1.18.0         04 May 20 13:22 UTC
                                               1.18           04 May 20 13:22 UTC
                                               1.17.10        04 May 20 13:17 UTC
                                               1.17.9         30 Mar 20 14:28 UTC
                                               1.17.5         08 Nov 19 14:29 UTC
                                               1.17           04 May 20 13:17 UTC

extend kubernetes api to make it aware of the crds that helm operator uses for helm release resources.  we use the helm package manager to install the helm operator.  helm  needs to know where to find the helm operator chart.  





kubectl apply -f https://raw.githubusercontent.com/fluxcd/helm-operator/1.2.0/deploy/crds.yaml



helm repo add fluxcd https://charts.fluxcd.io


"fluxcd" has been added to your repositories

#############   Helm install helm-operator

helm install helm-operator fluxcd/helm-operator -n flux --set helm.versions=v3 --set git.ssh.secretName=flux-git-deploy







W0323 20:45:05.448196  793761 warnings.go:70] apiextensions.k8s.io/v1beta1 CustomResourceDefinition is deprecated in v1.16+, unavailable in v1.22+; use apiextensions.k8s.io/v1 CustomResourceDefinition
W0323 20:45:05.700702  793761 warnings.go:70] rbac.authorization.k8s.io/v1beta1 ClusterRole is deprecated in v1.17+, unavailable in v1.22+; use rbac.authorization.k8s.io/v1 ClusterRole
W0323 20:45:05.702019  793761 warnings.go:70] rbac.authorization.k8s.io/v1beta1 ClusterRoleBinding is deprecated in v1.17+, unavailable in v1.22+; use rbac.authorization.k8s.io/v1 ClusterRoleBinding
W0323 20:45:05.740144  793761 warnings.go:70] rbac.authorization.k8s.io/v1beta1 ClusterRole is deprecated in v1.17+, unavailable in v1.22+; use rbac.authorization.k8s.io/v1 ClusterRole
W0323 20:45:05.744160  793761 warnings.go:70] rbac.authorization.k8s.io/v1beta1 ClusterRoleBinding is deprecated in v1.17+, unavailable in v1.22+; use rbac.authorization.k8s.io/v1 ClusterRoleBinding
NAME: helm-operator
LAST DEPLOYED: Tue Mar 23 20:45:05 2021
NAMESPACE: flux
STATUS: deployed
REVISION: 1
TEST SUITE: None
NOTES:
Flux Helm Operator docs https://docs.fluxcd.io

Example:

AUTH_VALUES=$(cat <<-END
usePassword: true
password: "redis_pass"
usePasswordFile: true
END
)

kubectl create secret generic redis-auth --from-literal=values.yaml="$AUTH_VALUES"

cat <<EOF | kubectl apply -f -
apiVersion: helm.fluxcd.io/v1
kind: HelmRelease
metadata:
  name: redis
  namespace: default
spec:
  releaseName: redis
  chart:
    repository: https://kubernetes-charts.storage.googleapis.com
    name: redis
    version: 10.5.7
  valuesFrom:
  - secretKeyRef:
      name: redis-auth
  values:
    master:
      persistence:
        enabled: false
    volumePermissions:
      enabled: true
    metrics:
      enabled: true
    cluster:
      enabled: false
EOF

watch kubectl get hr


###############   helm-operator pod, service, deployment, replicaset

kubectl -n flux get all -l app=helm-operator
NAME                                 READY   STATUS    RESTARTS   AGE
pod/helm-operator-74b57db4c9-zq4ml   1/1     Running   0          5m37s

NAME                    TYPE        CLUSTER-IP     EXTERNAL-IP   PORT(S)    AGE
service/helm-operator   ClusterIP   10.99.46.175   <none>        3030/TCP   5m37s

NAME                            READY   UP-TO-DATE   AVAILABLE   AGE
deployment.apps/helm-operator   1/1     1            1           5m37s

NAME                                       DESIRED   CURRENT   READY   AGE
replicaset.apps/helm-operator-74b57db4c9   1         1         1       5m37s

####################  Replace <git user> with username ###################


monica@monica-HP-ZBook-G5:~/data/flux/gitops-nginxhello/helm$ 

grep -R git .
./chart/Chart.yaml:  - https://github.com/<git user>/gitops-nginxhello
./chart/.helmignore:.git/
./chart/.helmignore:.gitignore
./nginxhello-hr.yaml:    git: ssh://git@github.com/<git user>/gitops-nginxhello.git


monica@monica-HP-ZBook-G5:~/data/flux/gitops-nginxhello/helm$ 

find . -type f -exec sed -i 's/<git user>/monicamarshall/g' {} +



monica@monica-HP-ZBook-G5:~/data/flux/gitops-nginxhello/helm$ 


grep -R git .
./chart/Chart.yaml:  - https://github.com/monicamarshall/gitops-nginxhello
./chart/.helmignore:.git/
./chart/.helmignore:.gitignore
./nginxhello-hr.yaml:    git: ssh://git@github.com/monicamarshall/gitops-nginxhello.git


set flux ignore to false

###################### Commit changes to the repo to have flux install the helm release:

git add -A

git status

On branch master
Changes to be committed:
  (use "git restore --staged <file>..." to unstage)
	modified:   chart/Chart.yaml
	modified:   nginxhello-hr.yaml
	new file:   ../installFluxTrustConfigurationWithGithub

monica@monica-HP-ZBook-G5:~/data/flux/gitops-nginxhello/helm$ 


git commit -m "Start tracking the nginxhello helm release resource"
[master 832fbd2] Start tracking the nginxhello helm release resource
 3 files changed, 361 insertions(+), 3 deletions(-)
 create mode 100644 installFluxTrustConfigurationWithGithub

 git push -f origin master
Username for 'https://github.com': monicamarshall
Password for 'https://monicamarshall@github.com': 
Enumerating objects: 12, done.
Counting objects: 100% (12/12), done.
Delta compression using up to 12 threads
Compressing objects: 100% (7/7), done.
Writing objects: 100% (7/7), 5.83 KiB | 5.83 MiB/s, done.
Total 7 (delta 4), reused 0 (delta 0)
remote: Resolving deltas: 100% (4/4), completed with 4 local objects.
To https://github.com/monicamarshall/gitops-nginxhello.git
 + 175b2dc...832fbd2 master -> master (forced update)


kubectl get hr
NAME            RELEASE                 PHASE       STATUS     MESSAGE                                                                         AGE
nginxhello-hr   default-nginxhello-hr   Succeeded   deployed   Release was successful for Helm release 'default-nginxhello-hr' in 'default'.   2m46s



monica@monica-HP-ZBook-G5:~/data/flux/gitops-nginxhello/helm$ 

helm list
NAME                 	NAMESPACE	REVISION	UPDATED                                	STATUS  	CHART           	APP VERSION
default-nginxhello-hr	default  	1       	2021-03-24 04:05:55.974655289 +0000 UTC	deployed	nginxhello-1.0.0	1.19.0     



monica@monica-HP-ZBook-G5:~/data/flux/gitops-nginxhello/helm$ 


kubectl get all
NAME                                         READY   STATUS    RESTARTS   AGE
pod/default-nginxhello-hr-56bd8b4bdc-bm7gq   1/1     Running   0          3m31s
pod/default-nginxhello-hr-56bd8b4bdc-d47db   1/1     Running   0          3m31s
pod/default-nginxhello-hr-56bd8b4bdc-fz4dt   1/1     Running   0          3m31s
pod/default-nginxhello-hr-56bd8b4bdc-kl7kr   1/1     Running   0          3m31s
pod/default-nginxhello-hr-56bd8b4bdc-ztfs9   1/1     Running   0          3m31s
pod/nginxhello-8f55d85d5-2qg2s               1/1     Running   0          3m34s
pod/nginxhello-8f55d85d5-ftkhc               1/1     Running   0          3m30s
pod/nginxhello-8f55d85d5-lgstt               1/1     Running   0          3m30s
pod/nginxhello-8f55d85d5-nb2mw               1/1     Running   0          3m34s
pod/nginxhello-8f55d85d5-rn98d               1/1     Running   0          3m34s

NAME                            TYPE        CLUSTER-IP       EXTERNAL-IP   PORT(S)   AGE
service/default-nginxhello-hr   ClusterIP   10.109.68.67     <none>        80/TCP    3m31s
service/kubernetes              ClusterIP   10.96.0.1        <none>        443/TCP   63d
service/nginxhello              ClusterIP   10.102.132.120   <none>        80/TCP    10h

NAME                                    READY   UP-TO-DATE   AVAILABLE   AGE
deployment.apps/default-nginxhello-hr   5/5     5            5           3m31s
deployment.apps/nginxhello              5/5     5            5           10h

NAME                                               DESIRED   CURRENT   READY   AGE
replicaset.apps/default-nginxhello-hr-56bd8b4bdc   5         5         5       3m31s
replicaset.apps/nginxhello-6779778f7f              0         0         0       125m
replicaset.apps/nginxhello-85ccf4896c              0         0         0       115m
replicaset.apps/nginxhello-8f55d85d5               5         5         5       10h

####################  Edited values.yaml and replaced the image tag with a non existing version to cause a deployment failure 
and a roll back  ####################


monica@monica-HP-ZBook-G5:~/data/flux/gitops-nginxhello/helm/chart$ helm history default-nginxhello-hr
REVISION	UPDATED                 	STATUS         	CHART           	APP VERSION	DESCRIPTION                                                                
1       	Wed Mar 24 04:05:55 2021	superseded     	nginxhello-1.0.0	1.19.0     	Install complete                                                           
2       	Wed Mar 24 04:51:33 2021	failed         	nginxhello-1.0.1	1.19.27    	Upgrade "default-nginxhello-hr" failed: timed out waiting for the condition
3       	Wed Mar 24 04:56:34 2021	deployed       	nginxhello-1.0.0	1.19.0     	Rollback to 1                                                              
4       	Wed Mar 24 04:56:35 2021	pending-upgrade	nginxhello-1.0.1	1.19.27    	Preparing upgrade   